8
7
24
5
0
true
true
false
true
true
false
true
false
true
true
true
false
3.7
6.6
0.25
10.
false
true
true
false
true
false
false
-4
-4.4
4.2
5.5
1.5
0.5
18.3
12.6
0.25
2.05
true
false
false
true
true
false
false
true
true
false
false
true
