1
1.0
true
A1
|A1|:0.25:100
2
2.0
false
A2
|A2|:0.125:50