[|C1|:0.25:100, |D1|:0.25:100, |E1|:0.25:100]
[|C1|:0.75:100, |D1|:0.75:100, |E1|:0.75:100]